SQLite version 3.11.0 2016-02-15 17:29:24
Enter ".help" for usage hints.
sqlite> int[K[K[Kcreate tabe[Kles[K int[K[K[Ksu[Ktunde[K[K[Kdents [K 
   ...> (int[K[K[Kid,[K inge[K[Kyt[K[Kteger,
   ...> name tx[Kext,
   ...> s[Kage ing[Kteger,
   ...> score integer);
sqlite> select [K[K[K[K[K[K[Kch[K[Kschema w[K[K[K[K[K[K[K[K.schec[Kme ow[K[K[K[Ka ow[K[Ktable stun[Kdents;
sqlite> .schema table students;[K
sqlite> .scha[Kem stund[K[Kdents
CREATE TABLE students 
(id integer,
name text,
age integer,
score integer);
sqlite> .data[K[K[K[Kheader on
sqlite> int[K[K[Kinsert into wo[K[Kd[Kstudents (id, name, s[Kage, so[Kcore)
   ...> values )[K(0[K1, "le[K[K[K'le[K[KLeo', 39[K[K38, int[K[K[K1000[K)
   ...> ;
sqlite> int[K[K[Kselect f[K* from w[Kstunde[K[K[Kdents;
id|name|age|score
1|Leo|38|100
sqlite> [Ksqlite> qi[Kuit[K[K[K[K.exit
SQLite version 3.11.0 2016-02-15 17:29:24
Enter ".help" for usage hints.
sqlite> .baqc[K[Kckp[Kup config.tmp.db.[K[Kb
sqlite> .exit
leocheung@leocheung-CW65S:~/ikuai_gitsrc/sqlite3$ ls -lrt
æ€»ç”¨é‡ 16
-rw-r--r-- 1 leocheung root 2048 3æœˆ  12 17:12 config1.db
-rw-r--r-- 1 leocheung root 1012 3æœˆ  12 17:27 sqlite3.2.git.log
-rw-r--r-- 1 leocheung root 2048 3æœˆ  12 17:52 config.tmp.db
-rw-r--r-- 1 leocheung root 1154 3æœˆ  12 17:52 sqlite3.git.log
leocheung@leocheung-CW65S:~/ikuai_gitsrc/sqlite3$ sqlite3 config.tmp.db 
SQLite version 3.11.0 2016-02-15 17:29:24
Enter ".help" for usage hints.
sqlite> .databases
seq  name             file                                                      
---  ---------------  ----------------------------------------------------------
0    main             /home/leocheung/ikuai_gitsrc/sqlite3/config.tmp.db        
sqlite> .tables
students
sqlite> quit
   ...> ;
Error: near "quit": syntax error
sqlite> .exit
leocheung@leocheung-CW65S:~/ikuai_gitsrc/sqlite3$ git diff
diff --git a/sqlite3/sqlite3.git.log b/sqlite3/sqlite3.git.log
index b65943f..13b4db0 100644
--- a/sqlite3/sqlite3.git.log
+++ b/sqlite3/sqlite3.git.log
@@ -21,3 +21,7 @@ sqlite> select * from students;
 id|name|age|score
 1|Leo|38|100
 sqlite> ^Msqlite> .exit


====.dump=====

zhangly@HP:~/source/ikuai_gitsrc/sqlite3$ sqlite3 config1.db 
SQLite version 3.11.0 2016-02-15 17:29:24
Enter ".help" for usage hints.
sqlite> .dump students
PRAGMA foreign_keys=OFF;
BEGIN TRANSACTION;
CREATE TABLE students 
(id integer,
name text,
age integer,
score integer);
INSERT INTO "students" VALUES(1,'Leo',38,100);
COMMIT;
sqlite> 

==== .echo off|on =====


sqlite> .show 
.show 
        echo: on
         eqp: off
     explain: auto
     headers: off
        mode: list
   nullvalue: ""
      output: stdout
colseparator: "|"
rowseparator: "\n"
       stats: off
       width: 
sqlite> .echo off
.echo off
sqlite> .show
        echo: off
         eqp: off
     explain: auto
     headers: off
        mode: list
   nullvalue: ""
      output: stdout
colseparator: "|"
rowseparator: "\n"
       stats: off
       width: 
sqlite> select * from students;
1|Leo|38|100
sqlite> .echo on
sqlite> .show
.show
        echo: on
         eqp: off
     explain: auto
     headers: off
        mode: list
   nullvalue: ""
      output: stdout
colseparator: "|"
rowseparator: "\n"
       stats: off
       width: 
sqlite> select * from students;
select * from students;
1|Leo|38|100
sqlite> 

==== .explain ====
sqlite> .explain on
sqlite> select * from students;
id    name           age   scor
----  -------------  ----  ----
1     Leo            38    100 
sqlite> .explain off
sqlite> select * from students;
1|Leo|38|100
sqlite> .header on
sqlite> select * from students;
id|name|age|score
1|Leo|38|100
sqlite> .explain on
sqlite> select * from students;
id    name           age   scor
----  -------------  ----  ----
1     Leo            38    100 
sqlite> .explain off
sqlite> select * from students;
id|name|age|score
1|Leo|38|100


==== .import ====
zhangly@HP:~/source/ikuai_gitsrc/sqlite3$ sqlite3  config1.db ".dump" > 1.dump
zhangly@HP:~/source/ikuai_gitsrc/sqlite3$ cat 1.dump 
PRAGMA foreign_keys=OFF;
BEGIN TRANSACTION;
CREATE TABLE students 
(id integer,
name text,
age integer,
score integer);
INSERT INTO "students" VALUES(1,'Leo',38,100);
COMMIT;
zhangly@HP:~/source/ikuai_gitsrc/sqlite3$ sqlite3 config2.db ".import 1.dump students"
zhangly@HP:~/source/ikuai_gitsrc/sqlite3$ sqlite3 config2.db 
SQLite version 3.11.0 2016-02-15 17:29:24
Enter ".help" for usage hints.
sqlite> .databases
seq  name             file                                                      
---  ---------------  ----------------------------------------------------------
0    main             /home/zhangly/source/ikuai_gitsrc/sqlite3/config2.db      
sqlite> .table
students
sqlite> select * from students
   ...> ;
BEGIN TRANSACTION;
CREATE TABLE students 
(id integer,
name text,
age integer,
score integer);
INSERT INTO "students" VALUES(1,'Leo',38,100);
COMMIT;
sqlite> .schema students
CREATE TABLE students(
  "PRAGMA foreign_keys=OFF;" TEXT
);
sqlite> .open config1.db 
sqlite> .schema students
CREATE TABLE students 
(id integer,
name text,
age integer,
score integer);
sqlite> 

